// Jest Snapshot v1, https://goo.gl/fbAQLP

exports[`render form 1`] = `
<div>
  <form
    onClick={[Function]}
  >
    <input
      type="text"
    />
    <button
      className="styles__ButtonStyle-sc-1hhwn61-0 jCeTgl"
      onClick={[Function]}
      type="button"
    >
      Click
    </button>
  </form>
</div>
`;
